// Jest Snapshot v1, https://goo.gl/fbAQLP

exports[`the App container should match the last snapshot 1`] = `
<div
  className="container"
>
  <FlashMessage
    message="Boom!"
  />
  <div
    className="main-content"
  >
    <Connect(Header) />
    <Connect(TasksPage) />
  </div>
</div>
`;
