// Jest Snapshot v1, https://goo.gl/fbAQLP

exports[`the TaskList component should match the last snapshot with msg 1`] = `
<div
  className="flash-error"
>
  oops
</div>
`;
