// Jest Snapshot v1, https://goo.gl/fbAQLP

exports[`the Task component should match the last snapshot 1`] = `
<ContextConsumer>
  <Component />
</ContextConsumer>
`;
